---
source: tests/public_lib_api.rs
expression: debug_format
---
[shot:1 start]
[shot:1 result 1]
[shot:1 tuple_start]
[shot:1 result 1]
[shot:1 result 2]
[shot:1 tuple_end]
[shot:1 array_start]
[shot:1 result 1]
[shot:1 result 1]
[shot:1 array_end]
[shot:1 end]
[shot:2 start]
[shot:2 result 2]
[shot:2 tuple_start]
[shot:2 result 2]
[shot:2 result 4]
[shot:2 tuple_end]
[shot:2 array_start]
[shot:2 result 2]
[shot:2 result 2]
[shot:2 array_end]
[shot:2 end]
[shot:3 start]
[shot:3 result 3]
[shot:3 tuple_start]
[shot:3 result 3]
[shot:3 result 6]
[shot:3 tuple_end]
[shot:3 array_start]
[shot:3 result 3]
[shot:3 result 3]
[shot:3 array_end]
[shot:3 end]
